device=cuda  N=1024  skew_weight=0.04  (50k epochs, test_rel every 5k)
--- L=2 ---
  epoch      0  train_mse 3.87e+00  test_rel 8.800e-01  (0s)
  epoch   5000  train_mse 4.33e-04  test_rel 1.011e-02  (173s)
  epoch  10000  train_mse 7.10e-04  test_rel 1.152e-02  (346s)
  epoch  15000  train_mse 3.41e-04  test_rel 9.058e-03  (519s)
  epoch  20000  train_mse 3.50e-04  test_rel 9.190e-03  (691s)
  epoch  25000  train_mse 3.19e-04  test_rel 8.978e-03  (864s)
  epoch  30000  train_mse 3.38e-04  test_rel 8.863e-03  (1036s)
  epoch  35000  train_mse 3.57e-04  test_rel 8.621e-03  (1209s)
  epoch  40000  train_mse 3.26e-04  test_rel 9.013e-03  (1381s)
  epoch  45000  train_mse 3.26e-04  test_rel 9.221e-03  (1553s)
  epoch  50000  train_mse 2.69e-04  test_rel 8.704e-03  (1725s)
--- L=3 ---
  epoch      0  train_mse 3.18e+00  test_rel 7.140e-01  (0s)
  epoch   5000  train_mse 1.86e-04  test_rel 6.838e-03  (173s)
  epoch  10000  train_mse 2.81e-04  test_rel 7.515e-03  (347s)
  epoch  15000  train_mse 1.64e-04  test_rel 6.816e-03  (519s)
  epoch  20000  train_mse 2.22e-04  test_rel 6.470e-03  (692s)
  epoch  25000  train_mse 8.04e-05  test_rel 6.258e-03  (865s)
  epoch  30000  train_mse 9.91e-05  test_rel 5.803e-03  (1038s)
  epoch  35000  train_mse 6.47e-05  test_rel 5.976e-03  (1211s)
  epoch  40000  train_mse 6.01e-05  test_rel 6.153e-03  (1383s)
  epoch  45000  train_mse 6.23e-05  test_rel 6.760e-03  (1556s)
  epoch  50000  train_mse 8.44e-05  test_rel 5.798e-03  (1728s)
--- L=4 ---
  epoch      0  train_mse 4.05e+00  test_rel 8.840e-01  (0s)
  epoch   5000  train_mse 1.37e-04  test_rel 5.657e-03  (173s)
  epoch  10000  train_mse 1.17e-04  test_rel 5.009e-03  (346s)
  epoch  15000  train_mse 7.37e-05  test_rel 5.268e-03  (519s)
  epoch  20000  train_mse 2.83e-05  test_rel 3.826e-03  (692s)
  epoch  25000  train_mse 4.67e-05  test_rel 4.604e-03  (864s)
  epoch  30000  train_mse 3.45e-05  test_rel 3.504e-03  (1037s)
  epoch  35000  train_mse 7.67e-05  test_rel 3.699e-03  (1209s)
  epoch  40000  train_mse 1.62e-05  test_rel 3.181e-03  (1382s)
  epoch  45000  train_mse 3.02e-05  test_rel 3.398e-03  (1554s)
  epoch  50000  train_mse 1.18e-04  test_rel 4.477e-03  (1726s)
DONE
