device=cuda  N=1024  eta-term lambda=0.14  (50k epochs, test_rel every 5k)
--- L=2 ---
  epoch      0  train_mse 3.87e+00  test_rel 8.800e-01  (0s)
  epoch   5000  train_mse 6.92e-04  test_rel 1.169e-02  (173s)
  epoch  10000  train_mse 6.16e-04  test_rel 1.074e-02  (347s)
  epoch  15000  train_mse 3.62e-04  test_rel 9.083e-03  (520s)
  epoch  20000  train_mse 3.44e-04  test_rel 8.820e-03  (693s)
  epoch  25000  train_mse 3.17e-04  test_rel 8.597e-03  (865s)
  epoch  30000  train_mse 2.99e-04  test_rel 8.494e-03  (1038s)
  epoch  35000  train_mse 3.63e-04  test_rel 8.773e-03  (1211s)
  epoch  40000  train_mse 3.33e-04  test_rel 9.044e-03  (1384s)
  epoch  45000  train_mse 3.16e-04  test_rel 8.781e-03  (1557s)
  epoch  50000  train_mse 2.79e-04  test_rel 9.040e-03  (1730s)
--- L=3 ---
  epoch      0  train_mse 3.18e+00  test_rel 7.141e-01  (0s)
  epoch   5000  train_mse 1.04e-03  test_rel 1.557e-02  (174s)
  epoch  10000  train_mse 2.02e-04  test_rel 7.252e-03  (347s)
  epoch  15000  train_mse 1.06e-04  test_rel 5.779e-03  (521s)
  epoch  20000  train_mse 1.67e-04  test_rel 5.939e-03  (694s)
  epoch  25000  train_mse 9.84e-05  test_rel 6.266e-03  (867s)
  epoch  30000  train_mse 8.88e-05  test_rel 5.948e-03  (1040s)
  epoch  35000  train_mse 7.19e-05  test_rel 5.389e-03  (1214s)
  epoch  40000  train_mse 5.84e-05  test_rel 5.810e-03  (1387s)
  epoch  45000  train_mse 7.50e-05  test_rel 5.911e-03  (1560s)
  epoch  50000  train_mse 5.46e-05  test_rel 6.322e-03  (1733s)
--- L=4 ---
  epoch      0  train_mse 4.05e+00  test_rel 8.840e-01  (0s)
  epoch   5000  train_mse 1.82e-04  test_rel 6.677e-03  (174s)
  epoch  10000  train_mse 9.15e-05  test_rel 5.076e-03  (347s)
  epoch  15000  train_mse 2.86e-04  test_rel 7.108e-03  (520s)
  epoch  20000  train_mse 7.57e-05  test_rel 4.829e-03  (693s)
  epoch  25000  train_mse 2.79e-05  test_rel 3.889e-03  (866s)
  epoch  30000  train_mse 7.73e-05  test_rel 4.055e-03  (1039s)
  epoch  35000  train_mse 1.31e-04  test_rel 4.816e-03  (1212s)
  epoch  40000  train_mse 9.61e-05  test_rel 4.001e-03  (1385s)
  epoch  45000  train_mse 2.30e-05  test_rel 3.570e-03  (1557s)
  epoch  50000  train_mse 1.16e-05  test_rel 3.823e-03  (1730s)
DONE
