device=cuda  N=1024  eta-term lambda=0.14  eps~Beta(0.5,0.5) on [-1,1] (U-shaped)  (20k epochs, test_rel every 2.5k)
--- L=2 ---
  epoch      0  train_mse 3.94e+00  test_rel 8.780e-01  (0s)
  epoch   2500  train_mse 1.45e-03  test_rel 1.614e-02  (86s)
  epoch   5000  train_mse 5.56e-04  test_rel 1.243e-02  (173s)
  epoch   7500  train_mse 5.39e-04  test_rel 1.200e-02  (260s)
  epoch  10000  train_mse 4.82e-04  test_rel 1.190e-02  (346s)
  epoch  12500  train_mse 4.28e-04  test_rel 1.153e-02  (432s)
  epoch  15000  train_mse 4.12e-04  test_rel 1.160e-02  (519s)
  epoch  17500  train_mse 3.94e-04  test_rel 1.165e-02  (605s)
  epoch  20000  train_mse 3.87e-04  test_rel 1.156e-02  (692s)
--- L=3 ---
  epoch      0  train_mse 3.25e+00  test_rel 7.147e-01  (0s)
  epoch   2500  train_mse 5.96e-04  test_rel 1.097e-02  (87s)
  epoch   5000  train_mse 4.03e-04  test_rel 1.710e-02  (174s)
  epoch   7500  train_mse 2.84e-04  test_rel 7.284e-03  (260s)
  epoch  10000  train_mse 1.10e-04  test_rel 6.178e-03  (347s)
  epoch  12500  train_mse 2.94e-04  test_rel 7.189e-03  (434s)
  epoch  15000  train_mse 1.00e-04  test_rel 6.174e-03  (520s)
  epoch  17500  train_mse 1.14e-04  test_rel 6.649e-03  (607s)
  epoch  20000  train_mse 7.70e-05  test_rel 5.487e-03  (693s)
--- L=4 ---
  epoch      0  train_mse 4.12e+00  test_rel 8.829e-01  (0s)
  epoch   2500  train_mse 3.58e-04  test_rel 8.992e-03  (87s)
  epoch   5000  train_mse 1.22e-04  test_rel 5.226e-03  (174s)
  epoch   7500  train_mse 5.75e-05  test_rel 3.731e-03  (260s)
  epoch  10000  train_mse 5.51e-05  test_rel 3.506e-03  (347s)
  epoch  12500  train_mse 1.30e-04  test_rel 5.509e-03  (433s)
  epoch  15000  train_mse 5.95e-05  test_rel 4.356e-03  (520s)
  epoch  17500  train_mse 1.11e-04  test_rel 3.681e-03  (606s)
  epoch  20000  train_mse 6.45e-05  test_rel 4.771e-03  (693s)
DONE
