\BOOKMARK [1][-]{section.1}{\376\377\000I\000n\000t\000r\000o\000d\000u\000c\000t\000i\000o\000n}{}% 1
\BOOKMARK [1][-]{section.2}{\376\377\000P\000e\000r\000m\000u\000t\000a\000t\000i\000o\000n\000-\000I\000n\000v\000a\000r\000i\000a\000n\000t\000\040\000D\000y\000n\000a\000m\000i\000c\000\040\000P\000r\000o\000g\000r\000a\000m\000m\000i\000n\000g\000\040\000a\000n\000d\000\040\000C\000o\000n\000c\000e\000n\000t\000r\000a\000t\000i\000o\000n\000\040\000o\000f\000\040\000M\000e\000a\000s\000u\000r\000e}{}% 2
\BOOKMARK [2][-]{subsection.2.1}{\376\377\000T\000h\000e\000\040\000s\000y\000m\000m\000e\000t\000r\000i\000c\000\040\000g\000r\000o\000u\000p\000\040\000o\000f\000\040\000p\000e\000r\000m\000u\000t\000a\000t\000i\000o\000n\000\040\000m\000a\000t\000r\000i\000c\000e\000s}{section.2}% 3
\BOOKMARK [2][-]{subsection.2.2}{\376\377\000P\000e\000r\000m\000u\000t\000a\000t\000i\000o\000n\000-\000i\000n\000v\000a\000r\000i\000a\000n\000t\000\040\000d\000y\000n\000a\000m\000i\000c\000\040\000p\000r\000o\000g\000r\000a\000m\000m\000i\000n\000g}{section.2}% 4
\BOOKMARK [2][-]{subsection.2.3}{\376\377\000C\000o\000n\000c\000e\000n\000t\000r\000a\000t\000i\000o\000n\000\040\000o\000f\000\040\000m\000e\000a\000s\000u\000r\000e}{section.2}% 5
\BOOKMARK [1][-]{section.3}{\376\377\000A\000n\000\040\000A\000p\000p\000l\000i\000c\000a\000t\000i\000o\000n\000:\000\040\000A\000\040\000M\000o\000d\000e\000l\000\040\000o\000f\000\040\000I\000n\000v\000e\000s\000t\000m\000e\000n\000t}{}% 6
\BOOKMARK [1][-]{section.4}{\376\377\000A\000\040\000D\000e\000e\000p\000\040\000L\000e\000a\000r\000n\000i\000n\000g\000\040\000I\000m\000p\000l\000e\000m\000e\000n\000t\000a\000t\000i\000o\000n}{}% 7
\BOOKMARK [2][-]{subsection.4.1}{\376\377\000A\000r\000c\000h\000i\000t\000e\000c\000t\000u\000r\000e\000\040\000o\000f\000\040\000t\000h\000e\000\040\000n\000e\000t\000w\000o\000r\000k}{section.4}% 8
\BOOKMARK [2][-]{subsection.4.2}{\376\377\000T\000r\000a\000i\000n\000i\000n\000g\000\040\000t\000h\000e\000\040\000n\000e\000t\000w\000o\000r\000k}{section.4}% 9
\BOOKMARK [2][-]{subsection.4.3}{\376\377\000C\000a\000s\000e\000\040\000I\000:\000\040\000=\000\040\0001}{section.4}% 10
\BOOKMARK [2][-]{subsection.4.4}{\376\377\000C\000a\000s\000e\000\040\000I\000I\000:\000\040\000>\0001}{section.4}% 11
\BOOKMARK [2][-]{subsection.4.5}{\376\377\000G\000e\000n\000e\000r\000a\000l\000i\000z\000a\000t\000i\000o\000n\000:\000\040\000W\000h\000e\000r\000e\000\040\000i\000s\000\040\000t\000h\000e\000\040\000t\000r\000a\000n\000s\000v\000e\000r\000s\000a\000l\000i\000t\000y\000\040\000c\000o\000n\000d\000i\000t\000i\000o\000n\000?}{section.4}% 12
\BOOKMARK [1][-]{section.5}{\376\377\000W\000h\000a\000t\000\040\000a\000b\000o\000u\000t\000\040\000C\000o\000n\000c\000e\000n\000t\000r\000a\000t\000i\000o\000n\000\040\000o\000f\000\040\000M\000e\000a\000s\000u\000r\000e\000?}{}% 13
\BOOKMARK [2][-]{subsection.5.1}{\376\377\000T\000h\000e\000\040\000l\000i\000n\000e\000a\000r\000-\000q\000u\000a\000d\000r\000a\000t\000i\000c\000\040\000r\000e\000g\000u\000l\000a\000t\000o\000r\000\040\000f\000o\000r\000m\000u\000l\000a\000t\000i\000o\000n}{section.5}% 14
\BOOKMARK [2][-]{subsection.5.2}{\376\377\000T\000h\000e\000\040\000s\000o\000l\000u\000t\000i\000o\000n}{section.5}% 15
\BOOKMARK [1][-]{section.6}{\376\377\000E\000x\000t\000e\000n\000s\000i\000o\000n\000s}{}% 16
\BOOKMARK [2][-]{subsection.6.1}{\376\377\000D\000e\000c\000r\000e\000a\000s\000i\000n\000g\000\040\000r\000e\000t\000u\000r\000n\000s\000\040\000t\000o\000\040\000s\000c\000a\000l\000e}{section.6}% 17
\BOOKMARK [2][-]{subsection.6.2}{\376\377\000M\000u\000l\000t\000i\000p\000l\000e\000\040\000p\000r\000o\000d\000u\000c\000t\000i\000v\000i\000t\000y\000\040\000t\000y\000p\000e\000s}{section.6}% 18
\BOOKMARK [2][-]{subsection.6.3}{\376\377\000C\000o\000m\000p\000l\000e\000x\000\040\000i\000d\000i\000o\000s\000y\000n\000c\000r\000a\000t\000i\000c\000\040\000s\000t\000a\000t\000e\000s}{section.6}% 19
\BOOKMARK [2][-]{subsection.6.4}{\376\377\000G\000l\000o\000b\000a\000l\000\040\000s\000o\000l\000u\000t\000i\000o\000n\000s\000\040\000w\000i\000t\000h\000\040\000t\000r\000a\000n\000s\000i\000t\000i\000o\000n\000s\000\040\000a\000n\000d\000\040\000a\000g\000g\000r\000e\000g\000a\000t\000e\000\040\000s\000h\000o\000c\000k\000s}{section.6}% 20
\BOOKMARK [1][-]{section.7}{\376\377\000C\000o\000n\000c\000l\000u\000s\000i\000o\000n}{}% 21
\BOOKMARK [1][-]{appendix.A}{\376\377\000M\000a\000t\000h\000e\000m\000a\000t\000i\000c\000s\000\040\000D\000e\000f\000i\000n\000i\000t\000i\000o\000n\000s\000\040\000a\000n\000d\000\040\000B\000a\000c\000k\000g\000r\000o\000u\000n\000d}{}% 22
\BOOKMARK [1][-]{appendix.B}{\376\377\000C\000o\000n\000c\000e\000n\000t\000r\000a\000t\000i\000o\000n\000\040\000o\000f\000\040\000M\000e\000a\000s\000u\000r\000e}{}% 23
\BOOKMARK [1][-]{appendix.C}{\376\377\000P\000r\000o\000o\000f\000s}{}% 24
\BOOKMARK [2][-]{subsection.C.1}{\376\377\000P\000r\000o\000o\000f\000\040\000o\000f\000\040\000p\000r\000o\000p\000:\000P\000I\000D\000P\000-\000o\000p\000t\000i\000m\000a\000l\000-\000s\000o\000l\000-\000P\000I}{appendix.C}% 25
\BOOKMARK [2][-]{subsection.C.2}{\376\377\000P\000r\000o\000o\000f\000\040\000o\000f\000\040\000p\000r\000o\000p\000:\000c\000o\000n\000c\000e\000n\000t\000r\000a\000t\000e\000-\000s\000o\000b\000o\000l\000e\000v\000-\000f\000u\000n\000c}{appendix.C}% 26
\BOOKMARK [2][-]{subsection.C.3}{\376\377\000P\000r\000o\000o\000f\000\040\000o\000f\000\040\000p\000r\000o\000p\000:\000i\000n\000v\000a\000r\000i\000a\000n\000t\000-\000e\000u\000l\000e\000r}{appendix.C}% 27
\BOOKMARK [1][-]{appendix.D}{\376\377\000L\000Q\000\040\000F\000o\000r\000m\000u\000l\000a\000t\000i\000o\000n\000s}{}% 28
\BOOKMARK [2][-]{subsection.D.1}{\376\377\000P\000r\000o\000o\000f\000\040\000o\000f\000\040\000p\000r\000o\000p\000:\000l\000i\000n\000-\000q\000u\000a\000d\000:\000\040\000L\000i\000n\000e\000a\000r\000-\000q\000u\000a\000d\000r\000a\000t\000i\000c\000\040\000G\000a\000u\000s\000s\000i\000a\000n\000\040\000c\000o\000n\000t\000r\000o\000l}{appendix.D}% 29
\BOOKMARK [2][-]{subsection.D.2}{\376\377\000P\000r\000o\000o\000f\000\040\000o\000f\000\040\000p\000r\000o\000p\000:\000l\000i\000n\000-\000q\000u\000a\000d\000:\000\040\000P\000e\000r\000m\000u\000t\000a\000t\000i\000o\000n\000\040\000i\000n\000v\000a\000r\000i\000a\000n\000c\000e}{appendix.D}% 30
\BOOKMARK [2][-]{subsection.D.3}{\376\377\000P\000r\000o\000o\000f\000\040\000o\000f\000\040\000p\000r\000o\000p\000:\000l\000i\000n\000-\000q\000u\000a\000d\000:\000\040\000C\000o\000n\000c\000e\000n\000t\000r\000a\000t\000i\000o\000n\000\040\000o\000f\000\040\000m\000e\000a\000s\000u\000r\000e}{appendix.D}% 31
\BOOKMARK [2][-]{subsection.D.4}{\376\377\000R\000e\000p\000r\000e\000s\000e\000n\000t\000a\000t\000i\000o\000n\000\040\000o\000f\000\040\000t\000h\000e\000\040\000v\000\040\000f\000u\000n\000c\000t\000i\000o\000n}{appendix.D}% 32
\BOOKMARK [1][-]{appendix.E}{\376\377\000A\000d\000d\000i\000t\000i\000o\000n\000a\000l\000\040\000N\000u\000m\000e\000r\000i\000c\000a\000l\000\040\000R\000e\000s\000u\000l\000t\000s}{}% 33
\BOOKMARK [2][-]{subsection.E.1}{\376\377\000M\000o\000r\000e\000\040\000n\000e\000t\000w\000o\000r\000k\000\040\000v\000a\000r\000i\000a\000t\000i\000o\000n\000s}{appendix.E}% 34
\BOOKMARK [2][-]{subsection.E.2}{\376\377\000N\000o\000n\000l\000i\000n\000e\000a\000r\000\040\000d\000e\000m\000a\000n\000d\000\040\000f\000u\000n\000c\000t\000i\000o\000n}{appendix.E}% 35
